// Jest Snapshot v1, https://goo.gl/fbAQLP

exports[`Find contract with address finds contract 1`] = `
<DocumentFragment>
  <article
    class="page"
  >
    <div
      class="container grid"
    >
      <header
        class="header"
      >
        <div
          class="titleWrapper"
        >
          <h1
            class="title"
          >
            Contract
          </h1>
        </div>
        <div
          class="actions end"
        >
          <a
            class="button small primary"
            href="/contract/store"
          >
            Upload
          </a>
          <a
            class="button small primary"
            href="/contract/instantiate"
          >
            Instantiate
          </a>
        </div>
      </header>
      <section
        class="main"
      >
        <div
          class="grid"
          style="gap: 20px;"
        >
          <main
            class="contract__main"
          >
            <section
              class="contract__search"
            >
              <div
                class="wrapper search"
                style="margin: 0px;"
              >
                <input
                  autocomplete="off"
                  class="input"
                  inputmode="search"
                  value="terra"
                />
                <svg
                  aria-hidden="true"
                  class="MuiSvgIcon-root MuiSvgIcon-fontSizeMedium icon css-i4bv87-MuiSvgIcon-root"
                  data-testid="SearchIcon"
                  focusable="false"
                  viewBox="0 0 24 24"
                >
                  <path
                    d="M15.5 14h-.79l-.28-.27C15.41 12.59 16 11.11 16 9.5 16 5.91 13.09 3 9.5 3S3 5.91 3 9.5 5.91 16 9.5 16c1.61 0 3.09-.59 4.23-1.57l.27.28v.79l5 4.99L20.49 19l-4.99-5zm-6 0C7.01 14 5 11.99 5 9.5S7.01 5 9.5 5 14 7.01 14 9.5 11.99 14 9.5 14z"
                  />
                </svg>
              </div>
            </section>
            <section
              class="contract__body"
            >
              <article
                class="card default"
              >
                <section
                  class="main"
                >
                  <div
                    class="grid component"
                    style="gap: 8px;"
                  >
                    <div
                      class="flex icon"
                    >
                      <svg
                        aria-hidden="true"
                        class="MuiSvgIcon-root MuiSvgIcon-fontSizeInherit css-1vooibu-MuiSvgIcon-root"
                        data-testid="ManageSearchIcon"
                        focusable="false"
                        viewBox="0 0 24 24"
                      >
                        <path
                          d="M7 9H2V7h5v2zm0 3H2v2h5v-2zm13.59 7-3.83-3.83c-.8.52-1.74.83-2.76.83-2.76 0-5-2.24-5-5s2.24-5 5-5 5 2.24 5 5c0 1.02-.31 1.96-.83 2.75L22 17.59 20.59 19zM17 11c0-1.65-1.35-3-3-3s-3 1.35-3 3 1.35 3 3 3 3-1.35 3-3zM2 19h10v-2H2v2z"
                        />
                      </svg>
                    </div>
                    <section
                      class="content"
                    >
                      Search by contract address
                    </section>
                  </div>
                </section>
              </article>
            </section>
          </main>
        </div>
      </section>
    </div>
  </article>
</DocumentFragment>
`;
